  Passed Ivr.IntegrationTests.SchedulerPersistenceTests.ANonCustomerResultCannotBeStoredAsACustomerAttempt(resultType: "IVR_CAPACITY_EXCEPTION") [7 s]
  Passed Ivr.IntegrationTests.SchedulerPersistenceTests.ANonCustomerResultCannotBeStoredAsACustomerAttempt(resultType: "IVR_TECHNICAL_EXCEPTION") [1 s]
  Passed Ivr.IntegrationTests.SchedulerPersistenceTests.EligibilityCapacityProviderUsesSchedulerCalculationInNonMockMode [2 s]
  Passed Ivr.IntegrationTests.SchedulerPersistenceTests.ResultFinalityMustMatchTheClosedTaxonomy(resultType: "IVR_WRONG_INPUT", counted: True, final: True) [1 s]
  Passed Ivr.IntegrationTests.SchedulerPersistenceTests.ResultFinalityMustMatchTheClosedTaxonomy(resultType: "IVR_CONFIRMED", counted: True, final: False) [1 s]
  Passed Ivr.IntegrationTests.SchedulerPersistenceTests.CallbackOutboxAcceptsOnlyTheSixFinalResultTypes [3 s]
  Passed Ivr.IntegrationTests.SchedulerPersistenceTests.AttemptClaimedBeforeDeadlineIsNotMisclassifiedAsCapacityMiss [1 s]
  Passed Ivr.IntegrationTests.SchedulerPersistenceTests.ARevokedTaskIsNeverClaimed [1 s]
  Passed Ivr.IntegrationTests.SchedulerPersistenceTests.AGenuineCustomerAttemptIsStillAccepted(resultType: "IVR_CONFIRMED", coreAction: "REVALIDATE_AND_CONFIRM_ORDER") [1 s]
  Passed Ivr.IntegrationTests.SchedulerPersistenceTests.AGenuineCustomerAttemptIsStillAccepted(resultType: "IVR_CUSTOMER_CANCELLED", coreAction: "REVALIDATE_AND_CANCEL_CUSTOMER_REQUEST") [1 s]
  Passed Ivr.IntegrationTests.SchedulerPersistenceTests.AGenuineCustomerAttemptIsStillAccepted(resultType: "IVR_NO_ANSWER_FINAL", coreAction: "NO_STATE_CHANGE_WAIT_FOR_TIMEOUT") [1 s]
  Passed Ivr.IntegrationTests.SchedulerPersistenceTests.MigrationPreflightNamesLegacyRowsThatViolateTheSignedTaxonomy [3 s]
  Passed Ivr.IntegrationTests.SchedulerPersistenceTests.ASweepThatFindsNothingMovesNoCounter [6 s]
  Passed Ivr.IntegrationTests.SchedulerPersistenceTests.FinalResultPreventsFutureAttemptEvenWhenSecondOffsetIsDue [3 s]
  Passed Ivr.IntegrationTests.SchedulerPersistenceTests.OverCapacityHoldsJobsWithoutLosingOneAndNeverDoubleBooksAChannel(channels: 4, jobs: 24) [7 s]
  Passed Ivr.IntegrationTests.SchedulerPersistenceTests.OverCapacityHoldsJobsWithoutLosingOneAndNeverDoubleBooksAChannel(channels: 1, jobs: 8) [9 s]
  Passed Ivr.IntegrationTests.SchedulerPersistenceTests.DuplicateWorkersCreateOneAttemptAndOneActiveChannelLease [13 s]
  Passed Ivr.IntegrationTests.SchedulerPersistenceTests.ANonCustomerAttemptCannotBeStoredAsACustomerAttempt(resultStatus: "IVR_TECHNICAL_EXCEPTION") [5 s]
  Passed Ivr.IntegrationTests.SchedulerPersistenceTests.ANonCustomerAttemptCannotBeStoredAsACustomerAttempt(resultStatus: "IVR_CAPACITY_EXCEPTION") [4 s]
  Passed Ivr.IntegrationTests.SchedulerPersistenceTests.DeliberateOverloadRecordsCapacityIncidentForEveryJobThatNeverGotAChannel [17 s]
  Passed Ivr.IntegrationTests.SchedulerPersistenceTests.HeldAdminReviewJobClosesAsWindowExpiredNotCapacityMiss [1 s]
  Passed Ivr.IntegrationTests.SchedulerPersistenceTests.ThirdLeaseFailureInsideTenMinuteWindowAutoDisablesChannel [1 s]
  Passed Ivr.IntegrationTests.SchedulerPersistenceTests.ReachedCustomerWhoseWindowLapsedIsAdvisedToExpireNotToReview [1 s]
  Passed Ivr.IntegrationTests.SchedulerPersistenceTests.RecommendedCoreActionMustMatchTheResultType [1 s]
  Passed Ivr.IntegrationTests.SchedulerPersistenceTests.ExpiredLeaseIsQuarantinedWithNewFenceAndCannotBeReclaimedBlindly [1 s]
  Passed Ivr.IntegrationTests.SchedulerPersistenceTests.APreCallCompatibilityValueCannotBeStoredAsACallResult(resultType: "IVR_OPERATIONAL_BLOCKED") [1 s]
  Passed Ivr.IntegrationTests.SchedulerPersistenceTests.APreCallCompatibilityValueCannotBeStoredAsACallResult(resultType: "IVR_POLICY_BLOCKED") [1 s]
  Passed Ivr.IntegrationTests.SchedulerPersistenceTests.AlternatePolicyIsRegisteredAsNewVersionAndAudited [1 s]
  Passed Ivr.IntegrationTests.SchedulerPersistenceTests.JobScopedCapacityIncidentDoesNotFreezeUnrelatedDispatch [1 s]
  Passed Ivr.IntegrationTests.SchedulerPersistenceTests.CandidatePolicyRegistrationFailsClosedForProduction [1 s]
  Passed Ivr.IntegrationTests.SchedulerPersistenceTests.AnAttemptWithNoResultYetIsNotJudgedByTheInvariant [1 s]
  Passed Ivr.IntegrationTests.SchedulerPersistenceTests.AMissedDeadlineMovesBothTheDeadlineAndTheResultCounters [1 s]
  Passed Ivr.IntegrationTests.SchedulerPersistenceTests.DryRunDeadlineIsNeverReportedAsCapacityShortage [1 s]
  Passed Ivr.IntegrationTests.SchedulerPersistenceTests.MissedDeadlineCreatesCapacityIncidentAndFinalNonCountedResult [1 s]
Test Run Successful.
Total tests: 34
     Passed: 34
 Total time: 2,2463 Minutes
SCHEDULER_REGRESSION_EXIT=0
