HASH_VERIFIED 3589fc2 docs/api/portal-manifest.json:27 -> docs/api-changelog.md
HASH_VERIFIED e984983 docs/api/portal-manifest.json:27 -> docs/api-changelog.md
HASH_VERIFIED 50fe28e docs/api/portal-manifest.json:27 -> docs/api-changelog.md
HASH_VERIFIED 50a83c5 docs/api/portal-manifest.json:27 -> docs/api-changelog.md
HASH_VERIFIED f730809 docs/api/portal-manifest.json:27 -> docs/api-changelog.md
HASH_VERIFIED d68a471 docs/api/portal-manifest.json:26 -> docs/api-changelog.md
HASH_VERIFIED cc4a8c8 docs/evidence/W-0286/api-matrix-report.json:5 -> specs/api/openapi/ivr-order-confirmation.v1.yaml
HASH_VERIFIED cc4a8c8 docs/evidence/W-0286/api-matrix-report.json:23 -> deploy/ci/fixtures/openapi/invalid-openapi.yaml
HASH_VERIFIED cc4a8c8 docs/evidence/W-0286/api-matrix-report.json:41 -> deploy/ci/scripts/api-behavior-matrix.mjs
HASH_VERIFIED cc4a8c8 docs/evidence/W-0286/api-matrix-report.json:44 -> deploy/ci/scripts/build-api-docs.mjs
HASH_VERIFIED cc4a8c8 docs/evidence/W-0286/api-matrix-report.json:60 -> deploy/ci/scripts/external-decision-dial-token-selftest.mjs
HASH_VERIFIED cc4a8c8 docs/evidence/W-0286/api-matrix-report.json:74 -> deploy/ci/scripts/openapi-contract-drift.mjs
HASH_VERIFIED cc4a8c8 docs/evidence/W-0286/api-matrix-report.json:77 -> deploy/ci/scripts/regenerate-openapi.ps1
HASH_VERIFIED cc4a8c8 docs/evidence/W-0286/api-matrix-report.json:83 -> deploy/ci/scripts/selftest-openapi.mjs
HASH_VERIFIED cc4a8c8 docs/evidence/W-0286/api-matrix-report.json:94 -> deploy/ci/scripts/validate-openapi.mjs
HASH_VERIFIED cc4a8c8 docs/evidence/W-0286/api-matrix-report.json:95 -> deploy/ci/scripts/verify-api-behavior-matrix.mjs
HASH_VERIFIED cc4a8c8 docs/evidence/W-0286/api-matrix-report.json:139 -> src/Ivr.Api/Application/DevToolingApiService.cs
HASH_VERIFIED cc4a8c8 docs/evidence/W-0286/api-matrix-report.json:141 -> src/Ivr.Api/Application/InternalAdminApiService.cs
HASH_VERIFIED cc4a8c8 docs/evidence/W-0286/api-matrix-report.json:143 -> src/Ivr.Api/Application/ScriptLifecycleApiService.cs
HASH_VERIFIED cc4a8c8 docs/evidence/W-0286/api-matrix-report.json:144 -> src/Ivr.Api/Auth/AdminAccessOptions.cs
HASH_VERIFIED cc4a8c8 docs/evidence/W-0286/api-matrix-report.json:145 -> src/Ivr.Api/Auth/AdminCredentialSource.cs
HASH_VERIFIED cc4a8c8 docs/evidence/W-0286/api-matrix-report.json:148 -> src/Ivr.Api/Auth/AdminTokenAuthenticationHandler.cs
HASH_VERIFIED cc4a8c8 docs/evidence/W-0286/api-matrix-report.json:154 -> src/Ivr.Api/Auth/OrderCoreCredentialSource.cs
HASH_VERIFIED cc4a8c8 docs/evidence/W-0286/api-matrix-report.json:166 -> src/Ivr.Api/Ivr.Api.csproj
HASH_VERIFIED cc4a8c8 docs/evidence/W-0286/api-matrix-report.json:238 -> src/Ivr.Infrastructure/Auth/RotatingCredentialProvider.cs
HASH_VERIFIED cc4a8c8 docs/evidence/W-0286/api-matrix-report.json:287 -> src/Ivr.Infrastructure/Idempotency/IdempotencyKeyRecord.cs
HASH_VERIFIED cc4a8c8 docs/evidence/W-0286/api-matrix-report.json:320 -> src/Ivr.Infrastructure/Persistence/Migrations/20260822120000_W0105ConsoleAccountAuth.Designer.cs
HASH_VERIFIED cc4a8c8 docs/evidence/W-0286/api-matrix-report.json:321 -> src/Ivr.Infrastructure/Persistence/Migrations/20260822120000_W0105ConsoleAccountAuth.cs
HASH_VERIFIED cc4a8c8 docs/evidence/W-0286/api-matrix-report.json:389 -> src/Ivr.Infrastructure/Telephony/DialTokenResolveLedger.cs
HASH_VERIFIED cc4a8c8 docs/evidence/W-0286/api-matrix-report.json:390 -> src/Ivr.Infrastructure/Telephony/LabDialTokenVault.cs
HASH_VERIFIED cc4a8c8 docs/evidence/W-0286/api-matrix-report.json:391 -> src/Ivr.Infrastructure/Telephony/MockDialTokenVault.cs
HASH_VERIFIED cc4a8c8 docs/evidence/W-0286/api-matrix-report.json:424 -> tests/Ivr.IntegrationTests/AdminConfigApiTests.cs
HASH_VERIFIED cc4a8c8 docs/evidence/W-0286/api-matrix-report.json:426 -> tests/Ivr.IntegrationTests/AdminReadApiTests.cs
HASH_VERIFIED cc4a8c8 docs/evidence/W-0286/api-matrix-report.json:428 -> tests/Ivr.IntegrationTests/AnalyticsApiTests.cs
HASH_VERIFIED cc4a8c8 docs/evidence/W-0286/api-matrix-report.json:431 -> tests/Ivr.IntegrationTests/ApiMatrixFixture.cs
HASH_VERIFIED cc4a8c8 docs/evidence/W-0286/api-matrix-report.json:433 -> tests/Ivr.IntegrationTests/Auth/AdminCredentialSourceTests.cs
HASH_VERIFIED cc4a8c8 docs/evidence/W-0286/api-matrix-report.json:434 -> tests/Ivr.IntegrationTests/Auth/OrderCoreCredentialSourceTests.cs
HASH_VERIFIED cc4a8c8 docs/evidence/W-0286/api-matrix-report.json:437 -> tests/Ivr.IntegrationTests/DevToolingApiTestApplication.cs
HASH_VERIFIED cc4a8c8 docs/evidence/W-0286/api-matrix-report.json:438 -> tests/Ivr.IntegrationTests/DevToolingApiTests.cs
HASH_VERIFIED cc4a8c8 docs/evidence/W-0286/api-matrix-report.json:444 -> tests/Ivr.IntegrationTests/FeatureFlagApiTestApplication.cs
HASH_VERIFIED cc4a8c8 docs/evidence/W-0286/api-matrix-report.json:445 -> tests/Ivr.IntegrationTests/FeatureFlagApiTests.cs
HASH_VERIFIED cc4a8c8 docs/evidence/W-0286/api-matrix-report.json:447 -> tests/Ivr.IntegrationTests/FoundationApiTestApplication.cs
HASH_VERIFIED cc4a8c8 docs/evidence/W-0286/api-matrix-report.json:451 -> tests/Ivr.IntegrationTests/InternalAdminApiTestApplication.cs
HASH_VERIFIED cc4a8c8 docs/evidence/W-0286/api-matrix-report.json:452 -> tests/Ivr.IntegrationTests/InternalAdminApiTests.cs
HASH_VERIFIED cc4a8c8 docs/evidence/W-0286/api-matrix-report.json:468 -> tests/Ivr.IntegrationTests/ScriptLifecycleApiTests.cs
HASH_VERIFIED cc4a8c8 docs/evidence/W-0286/api-matrix-report.json:471 -> tests/Ivr.IntegrationTests/SimChannelReadApiTests.cs
HASH_VERIFIED cc4a8c8 docs/evidence/W-0286/api-matrix-report.json:473 -> tests/Ivr.IntegrationTests/TaskIntakeApiTestApplication.cs
HASH_VERIFIED cc4a8c8 docs/evidence/W-0286/api-matrix-report.json:474 -> tests/Ivr.IntegrationTests/TaskIntakeApiTests.cs
HASH_VERIFIED cc4a8c8 docs/evidence/W-0286/api-matrix-report.json:476 -> tests/Ivr.IntegrationTests/TestAdminTokens.cs
HASH_VERIFIED cc4a8c8 docs/evidence/W-0286/api-matrix-report.json:481 -> tests/Ivr.UnitTests/Auth/SecretRotationTests.cs
REVIEWED_HASH_VERIFICATION_PASS candidate=44 portal=6
